ptxas info    : 0 bytes gmem
ptxas info    : Compiling entry function '_Z5decayILi64ELi3EEvPKfPf' for 'sm_103a'
ptxas info    : Function properties for _Z5decayILi64ELi3EEvPKfPf
    0 bytes stack frame, 0 bytes spill stores, 0 bytes spill loads
ptxas info    : Used 32 registers, used 0 barriers, 256 bytes smem
ptxas info    : Compile time = 7.951 ms
ptxas info    : Compiling entry function '_Z5decayILi64ELi2EEvPKfPf' for 'sm_103a'
ptxas info    : Function properties for _Z5decayILi64ELi2EEvPKfPf
    0 bytes stack frame, 0 bytes spill stores, 0 bytes spill loads
ptxas info    : Used 32 registers, used 0 barriers, 768 bytes smem
ptxas info    : Compile time = 13.831 ms
ptxas info    : Compiling entry function '_Z5decayILi64ELi1EEvPKfPf' for 'sm_103a'
ptxas info    : Function properties for _Z5decayILi64ELi1EEvPKfPf
    0 bytes stack frame, 0 bytes spill stores, 0 bytes spill loads
ptxas info    : Used 32 registers, used 0 barriers, 768 bytes smem
ptxas info    : Compile time = 7.024 ms
ptxas info    : Compiling entry function '_Z5decayILi64ELi0EEvPKfPf' for 'sm_103a'
ptxas info    : Function properties for _Z5decayILi64ELi0EEvPKfPf
    0 bytes stack frame, 0 bytes spill stores, 0 bytes spill loads
ptxas info    : Used 32 registers, used 0 barriers, 768 bytes smem
ptxas info    : Compile time = 6.575 ms
ptxas info    : Compiling entry function '_Z5decayILi32ELi3EEvPKfPf' for 'sm_103a'
ptxas info    : Function properties for _Z5decayILi32ELi3EEvPKfPf
    0 bytes stack frame, 0 bytes spill stores, 0 bytes spill loads
ptxas info    : Used 40 registers, used 0 barriers, 128 bytes smem
ptxas info    : Compile time = 7.014 ms
ptxas info    : Compiling entry function '_Z5decayILi32ELi2EEvPKfPf' for 'sm_103a'
ptxas info    : Function properties for _Z5decayILi32ELi2EEvPKfPf
    0 bytes stack frame, 0 bytes spill stores, 0 bytes spill loads
ptxas info    : Used 38 registers, used 0 barriers, 384 bytes smem
ptxas info    : Compile time = 8.130 ms
ptxas info    : Compiling entry function '_Z5decayILi32ELi1EEvPKfPf' for 'sm_103a'
ptxas info    : Function properties for _Z5decayILi32ELi1EEvPKfPf
    0 bytes stack frame, 0 bytes spill stores, 0 bytes spill loads
ptxas info    : Used 40 registers, used 0 barriers, 384 bytes smem
ptxas info    : Compile time = 7.432 ms
ptxas info    : Compiling entry function '_Z5decayILi32ELi0EEvPKfPf' for 'sm_103a'
ptxas info    : Function properties for _Z5decayILi32ELi0EEvPKfPf
    0 bytes stack frame, 0 bytes spill stores, 0 bytes spill loads
ptxas info    : Used 40 registers, used 0 barriers, 384 bytes smem
ptxas info    : Compile time = 7.264 ms
ptxas info    : Compiling entry function '_Z5decayILi16ELi3EEvPKfPf' for 'sm_103a'
ptxas info    : Function properties for _Z5decayILi16ELi3EEvPKfPf
    0 bytes stack frame, 0 bytes spill stores, 0 bytes spill loads
ptxas info    : Used 24 registers, used 0 barriers, 64 bytes smem
ptxas info    : Compile time = 3.242 ms
ptxas info    : Compiling entry function '_Z5decayILi16ELi2EEvPKfPf' for 'sm_103a'
ptxas info    : Function properties for _Z5decayILi16ELi2EEvPKfPf
    0 bytes stack frame, 0 bytes spill stores, 0 bytes spill loads
ptxas info    : Used 27 registers, used 0 barriers, 192 bytes smem
ptxas info    : Compile time = 3.796 ms
ptxas info    : Compiling entry function '_Z5decayILi16ELi1EEvPKfPf' for 'sm_103a'
ptxas info    : Function properties for _Z5decayILi16ELi1EEvPKfPf
    0 bytes stack frame, 0 bytes spill stores, 0 bytes spill loads
ptxas info    : Used 24 registers, used 0 barriers, 192 bytes smem
ptxas info    : Compile time = 3.686 ms
ptxas info    : Compiling entry function '_Z5decayILi16ELi0EEvPKfPf' for 'sm_103a'
ptxas info    : Function properties for _Z5decayILi16ELi0EEvPKfPf
    0 bytes stack frame, 0 bytes spill stores, 0 bytes spill loads
ptxas info    : Used 24 registers, used 0 barriers, 192 bytes smem
ptxas info    : Compile time = 3.557 ms
/home/lcpu/73345528/wmhpc-training-camp-x-lcpu-ai-infra-seminars/assignment02/team/c1_flashkda/experiments/chunk_inverse/csrc/mma.cu(10): warning #177-D: variable "lane" was declared but never referenced
    int lane=threadIdx.x%32,warp=threadIdx.x/32;
        ^
          detected during:
            instantiation of "int dispatch_mma<M,N,K>(const __nv_bfloat16 *, const __nv_bfloat16 *, float *, int, int, cudaStream_t) [with M=16, N=16, K=128]" at line 36
            instantiation of "int stage_mma<C>(const __nv_bfloat16 *, const __nv_bfloat16 *, float *, int, int, int, cudaStream_t) [with C=16]" at line 45

Remark: The warnings can be suppressed with "-diag-suppress <warning-number>"

/home/lcpu/73345528/wmhpc-training-camp-x-lcpu-ai-infra-seminars/assignment02/team/c1_flashkda/experiments/chunk_inverse/csrc/mma.cu(10): warning #177-D: variable "lane" was declared but never referenced
    int lane=threadIdx.x%32,warp=threadIdx.x/32;
        ^
          detected during:
            instantiation of "int dispatch_mma<M,N,K>(const __nv_bfloat16 *, const __nv_bfloat16 *, float *, int, int, cudaStream_t) [with M=16, N=16, K=128]" at line 36
            instantiation of "int stage_mma<C>(const __nv_bfloat16 *, const __nv_bfloat16 *, float *, int, int, int, cudaStream_t) [with C=16]" at line 45

Remark: The warnings can be suppressed with "-diag-suppress <warning-number>"

ptxas info    : 0 bytes gmem
ptxas info    : Compiling entry function '_Z9shape_mmaILi128ELi128ELi64ELi8EEvPK13__nv_bfloat16S2_Pf' for 'sm_103a'
ptxas info    : Function properties for _Z9shape_mmaILi128ELi128ELi64ELi8EEvPK13__nv_bfloat16S2_Pf
    0 bytes stack frame, 0 bytes spill stores, 0 bytes spill loads
ptxas info    : Used 32 registers, used 1 barriers, 32768 bytes smem
ptxas info    : Compile time = 7.646 ms
ptxas info    : Compiling entry function '_Z9shape_mmaILi128ELi128ELi64ELi4EEvPK13__nv_bfloat16S2_Pf' for 'sm_103a'
ptxas info    : Function properties for _Z9shape_mmaILi128ELi128ELi64ELi4EEvPK13__nv_bfloat16S2_Pf
    0 bytes stack frame, 0 bytes spill stores, 0 bytes spill loads
ptxas info    : Used 40 registers, used 1 barriers, 32768 bytes smem
ptxas info    : Compile time = 6.202 ms
ptxas info    : Compiling entry function '_Z9shape_mmaILi128ELi128ELi64ELi1EEvPK13__nv_bfloat16S2_Pf' for 'sm_103a'
ptxas info    : Function properties for _Z9shape_mmaILi128ELi128ELi64ELi1EEvPK13__nv_bfloat16S2_Pf
    0 bytes stack frame, 0 bytes spill stores, 0 bytes spill loads
ptxas info    : Used 40 registers, used 1 barriers, 32768 bytes smem
ptxas info    : Compile time = 5.914 ms
ptxas info    : Compiling entry function '_Z9shape_mmaILi64ELi128ELi64ELi8EEvPK13__nv_bfloat16S2_Pf' for 'sm_103a'
ptxas info    : Function properties for _Z9shape_mmaILi64ELi128ELi64ELi8EEvPK13__nv_bfloat16S2_Pf
    0 bytes stack frame, 0 bytes spill stores, 0 bytes spill loads
ptxas info    : Used 32 registers, used 1 barriers, 24576 bytes smem
ptxas info    : Compile time = 5.293 ms
ptxas info    : Compiling entry function '_Z9shape_mmaILi64ELi128ELi64ELi4EEvPK13__nv_bfloat16S2_Pf' for 'sm_103a'
ptxas info    : Function properties for _Z9shape_mmaILi64ELi128ELi64ELi4EEvPK13__nv_bfloat16S2_Pf
    0 bytes stack frame, 0 bytes spill stores, 0 bytes spill loads
ptxas info    : Used 40 registers, used 1 barriers, 24576 bytes smem
ptxas info    : Compile time = 5.946 ms
ptxas info    : Compiling entry function '_Z9shape_mmaILi64ELi128ELi64ELi1EEvPK13__nv_bfloat16S2_Pf' for 'sm_103a'
ptxas info    : Function properties for _Z9shape_mmaILi64ELi128ELi64ELi1EEvPK13__nv_bfloat16S2_Pf
    0 bytes stack frame, 0 bytes spill stores, 0 bytes spill loads
ptxas info    : Used 40 registers, used 1 barriers, 24576 bytes smem
ptxas info    : Compile time = 5.937 ms
ptxas info    : Compiling entry function '_Z9shape_mmaILi64ELi128ELi128ELi8EEvPK13__nv_bfloat16S2_Pf' for 'sm_103a'
ptxas info    : Function properties for _Z9shape_mmaILi64ELi128ELi128ELi8EEvPK13__nv_bfloat16S2_Pf
    0 bytes stack frame, 0 bytes spill stores, 0 bytes spill loads
ptxas info    : Used 32 registers, used 1 barriers, 49152 bytes smem
ptxas info    : Compile time = 7.643 ms
ptxas info    : Compiling entry function '_Z9shape_mmaILi64ELi128ELi128ELi4EEvPK13__nv_bfloat16S2_Pf' for 'sm_103a'
ptxas info    : Function properties for _Z9shape_mmaILi64ELi128ELi128ELi4EEvPK13__nv_bfloat16S2_Pf
    0 bytes stack frame, 0 bytes spill stores, 0 bytes spill loads
ptxas info    : Used 32 registers, used 1 barriers, 49152 bytes smem
ptxas info    : Compile time = 7.519 ms
ptxas info    : Compiling entry function '_Z9shape_mmaILi64ELi128ELi128ELi1EEvPK13__nv_bfloat16S2_Pf' for 'sm_103a'
ptxas info    : Function properties for _Z9shape_mmaILi64ELi128ELi128ELi1EEvPK13__nv_bfloat16S2_Pf
    0 bytes stack frame, 0 bytes spill stores, 0 bytes spill loads
ptxas info    : Used 32 registers, used 1 barriers, 49152 bytes smem
ptxas info    : Compile time = 7.481 ms
ptxas info    : Compiling entry function '_Z9shape_mmaILi64ELi64ELi128ELi8EEvPK13__nv_bfloat16S2_Pf' for 'sm_103a'
ptxas info    : Function properties for _Z9shape_mmaILi64ELi64ELi128ELi8EEvPK13__nv_bfloat16S2_Pf
    0 bytes stack frame, 0 bytes spill stores, 0 bytes spill loads
ptxas info    : Used 40 registers, used 1 barriers, 32768 bytes smem
ptxas info    : Compile time = 7.807 ms
ptxas info    : Compiling entry function '_Z9shape_mmaILi64ELi64ELi128ELi4EEvPK13__nv_bfloat16S2_Pf' for 'sm_103a'
ptxas info    : Function properties for _Z9shape_mmaILi64ELi64ELi128ELi4EEvPK13__nv_bfloat16S2_Pf
    0 bytes stack frame, 0 bytes spill stores, 0 bytes spill loads
ptxas info    : Used 40 registers, used 1 barriers, 32768 bytes smem
ptxas info    : Compile time = 7.812 ms
ptxas info    : Compiling entry function '_Z9shape_mmaILi64ELi64ELi128ELi1EEvPK13__nv_bfloat16S2_Pf' for 'sm_103a'
ptxas info    : Function properties for _Z9shape_mmaILi64ELi64ELi128ELi1EEvPK13__nv_bfloat16S2_Pf
    0 bytes stack frame, 0 bytes spill stores, 0 bytes spill loads
ptxas info    : Used 40 registers, used 1 barriers, 32768 bytes smem
ptxas info    : Compile time = 7.616 ms
ptxas info    : Compiling entry function '_Z9shape_mmaILi128ELi128ELi32ELi8EEvPK13__nv_bfloat16S2_Pf' for 'sm_103a'
ptxas info    : Function properties for _Z9shape_mmaILi128ELi128ELi32ELi8EEvPK13__nv_bfloat16S2_Pf
    0 bytes stack frame, 0 bytes spill stores, 0 bytes spill loads
ptxas info    : Used 32 registers, used 1 barriers, 16384 bytes smem
ptxas info    : Compile time = 3.577 ms
ptxas info    : Compiling entry function '_Z9shape_mmaILi128ELi128ELi32ELi4EEvPK13__nv_bfloat16S2_Pf' for 'sm_103a'
ptxas info    : Function properties for _Z9shape_mmaILi128ELi128ELi32ELi4EEvPK13__nv_bfloat16S2_Pf
    0 bytes stack frame, 0 bytes spill stores, 0 bytes spill loads
ptxas info    : Used 38 registers, used 1 barriers, 16384 bytes smem
ptxas info    : Compile time = 5.060 ms
ptxas info    : Compiling entry function '_Z9shape_mmaILi128ELi128ELi32ELi1EEvPK13__nv_bfloat16S2_Pf' for 'sm_103a'
ptxas info    : Function properties for _Z9shape_mmaILi128ELi128ELi32ELi1EEvPK13__nv_bfloat16S2_Pf
    0 bytes stack frame, 0 bytes spill stores, 0 bytes spill loads
ptxas info    : Used 40 registers, used 1 barriers, 16384 bytes smem
ptxas info    : Compile time = 8.068 ms
ptxas info    : Compiling entry function '_Z9shape_mmaILi32ELi128ELi32ELi8EEvPK13__nv_bfloat16S2_Pf' for 'sm_103a'
ptxas info    : Function properties for _Z9shape_mmaILi32ELi128ELi32ELi8EEvPK13__nv_bfloat16S2_Pf
    0 bytes stack frame, 0 bytes spill stores, 0 bytes spill loads
ptxas info    : Used 32 registers, used 1 barriers, 10240 bytes smem
ptxas info    : Compile time = 3.710 ms
ptxas info    : Compiling entry function '_Z9shape_mmaILi32ELi128ELi32ELi4EEvPK13__nv_bfloat16S2_Pf' for 'sm_103a'
ptxas info    : Function properties for _Z9shape_mmaILi32ELi128ELi32ELi4EEvPK13__nv_bfloat16S2_Pf
    0 bytes stack frame, 0 bytes spill stores, 0 bytes spill loads
ptxas info    : Used 32 registers, used 1 barriers, 10240 bytes smem
ptxas info    : Compile time = 4.613 ms
ptxas info    : Compiling entry function '_Z9shape_mmaILi32ELi128ELi32ELi1EEvPK13__nv_bfloat16S2_Pf' for 'sm_103a'
ptxas info    : Function properties for _Z9shape_mmaILi32ELi128ELi32ELi1EEvPK13__nv_bfloat16S2_Pf
    0 bytes stack frame, 0 bytes spill stores, 0 bytes spill loads
ptxas info    : Used 32 registers, used 1 barriers, 10240 bytes smem
ptxas info    : Compile time = 5.580 ms
ptxas info    : Compiling entry function '_Z9shape_mmaILi32ELi128ELi128ELi8EEvPK13__nv_bfloat16S2_Pf' for 'sm_103a'
ptxas info    : Function properties for _Z9shape_mmaILi32ELi128ELi128ELi8EEvPK13__nv_bfloat16S2_Pf
    0 bytes stack frame, 0 bytes spill stores, 0 bytes spill loads
ptxas info    : Used 32 registers, used 1 barriers, 40960 bytes smem
ptxas info    : Compile time = 6.958 ms
ptxas info    : Compiling entry function '_Z9shape_mmaILi32ELi128ELi128ELi4EEvPK13__nv_bfloat16S2_Pf' for 'sm_103a'
ptxas info    : Function properties for _Z9shape_mmaILi32ELi128ELi128ELi4EEvPK13__nv_bfloat16S2_Pf
    0 bytes stack frame, 0 bytes spill stores, 0 bytes spill loads
ptxas info    : Used 32 registers, used 1 barriers, 40960 bytes smem
ptxas info    : Compile time = 7.612 ms
ptxas info    : Compiling entry function '_Z9shape_mmaILi32ELi128ELi128ELi1EEvPK13__nv_bfloat16S2_Pf' for 'sm_103a'
ptxas info    : Function properties for _Z9shape_mmaILi32ELi128ELi128ELi1EEvPK13__nv_bfloat16S2_Pf
    0 bytes stack frame, 0 bytes spill stores, 0 bytes spill loads
ptxas info    : Used 32 registers, used 1 barriers, 40960 bytes smem
ptxas info    : Compile time = 7.698 ms
ptxas info    : Compiling entry function '_Z9shape_mmaILi32ELi32ELi128ELi8EEvPK13__nv_bfloat16S2_Pf' for 'sm_103a'
ptxas info    : Function properties for _Z9shape_mmaILi32ELi32ELi128ELi8EEvPK13__nv_bfloat16S2_Pf
    0 bytes stack frame, 0 bytes spill stores, 0 bytes spill loads
ptxas info    : Used 32 registers, used 1 barriers, 16384 bytes smem
ptxas info    : Compile time = 5.858 ms
ptxas info    : Compiling entry function '_Z9shape_mmaILi32ELi32ELi128ELi4EEvPK13__nv_bfloat16S2_Pf' for 'sm_103a'
ptxas info    : Function properties for _Z9shape_mmaILi32ELi32ELi128ELi4EEvPK13__nv_bfloat16S2_Pf
    0 bytes stack frame, 0 bytes spill stores, 0 bytes spill loads
ptxas info    : Used 32 registers, used 1 barriers, 16384 bytes smem
ptxas info    : Compile time = 7.159 ms
ptxas info    : Compiling entry function '_Z9shape_mmaILi32ELi32ELi128ELi1EEvPK13__nv_bfloat16S2_Pf' for 'sm_103a'
ptxas info    : Function properties for _Z9shape_mmaILi32ELi32ELi128ELi1EEvPK13__nv_bfloat16S2_Pf
    0 bytes stack frame, 0 bytes spill stores, 0 bytes spill loads
ptxas info    : Used 40 registers, used 1 barriers, 16384 bytes smem
ptxas info    : Compile time = 7.673 ms
ptxas info    : Compiling entry function '_Z9shape_mmaILi128ELi128ELi16ELi8EEvPK13__nv_bfloat16S2_Pf' for 'sm_103a'
ptxas info    : Function properties for _Z9shape_mmaILi128ELi128ELi16ELi8EEvPK13__nv_bfloat16S2_Pf
    0 bytes stack frame, 0 bytes spill stores, 0 bytes spill loads
ptxas info    : Used 32 registers, used 1 barriers, 8192 bytes smem
ptxas info    : Compile time = 3.104 ms
ptxas info    : Compiling entry function '_Z9shape_mmaILi128ELi128ELi16ELi4EEvPK13__nv_bfloat16S2_Pf' for 'sm_103a'
ptxas info    : Function properties for _Z9shape_mmaILi128ELi128ELi16ELi4EEvPK13__nv_bfloat16S2_Pf
    0 bytes stack frame, 0 bytes spill stores, 0 bytes spill loads
ptxas info    : Used 32 registers, used 1 barriers, 8192 bytes smem
ptxas info    : Compile time = 3.135 ms
ptxas info    : Compiling entry function '_Z9shape_mmaILi128ELi128ELi16ELi1EEvPK13__nv_bfloat16S2_Pf' for 'sm_103a'
ptxas info    : Function properties for _Z9shape_mmaILi128ELi128ELi16ELi1EEvPK13__nv_bfloat16S2_Pf
    0 bytes stack frame, 0 bytes spill stores, 0 bytes spill loads
ptxas info    : Used 40 registers, used 1 barriers, 8192 bytes smem
ptxas info    : Compile time = 8.812 ms
ptxas info    : Compiling entry function '_Z9shape_mmaILi16ELi128ELi16ELi8EEvPK13__nv_bfloat16S2_Pf' for 'sm_103a'
ptxas info    : Function properties for _Z9shape_mmaILi16ELi128ELi16ELi8EEvPK13__nv_bfloat16S2_Pf
    0 bytes stack frame, 0 bytes spill stores, 0 bytes spill loads
ptxas info    : Used 24 registers, used 1 barriers, 4608 bytes smem
ptxas info    : Compile time = 2.728 ms
ptxas info    : Compiling entry function '_Z9shape_mmaILi16ELi128ELi16ELi4EEvPK13__nv_bfloat16S2_Pf' for 'sm_103a'
ptxas info    : Function properties for _Z9shape_mmaILi16ELi128ELi16ELi4EEvPK13__nv_bfloat16S2_Pf
    0 bytes stack frame, 0 bytes spill stores, 0 bytes spill loads
ptxas info    : Used 30 registers, used 1 barriers, 4608 bytes smem
ptxas info    : Compile time = 3.324 ms
ptxas info    : Compiling entry function '_Z9shape_mmaILi16ELi128ELi16ELi1EEvPK13__nv_bfloat16S2_Pf' for 'sm_103a'
ptxas info    : Function properties for _Z9shape_mmaILi16ELi128ELi16ELi1EEvPK13__nv_bfloat16S2_Pf
    0 bytes stack frame, 0 bytes spill stores, 0 bytes spill loads
ptxas info    : Used 30 registers, used 1 barriers, 4608 bytes smem
ptxas info    : Compile time = 4.092 ms
ptxas info    : Compiling entry function '_Z9shape_mmaILi16ELi128ELi128ELi8EEvPK13__nv_bfloat16S2_Pf' for 'sm_103a'
ptxas info    : Function properties for _Z9shape_mmaILi16ELi128ELi128ELi8EEvPK13__nv_bfloat16S2_Pf
    0 bytes stack frame, 0 bytes spill stores, 0 bytes spill loads
ptxas info    : Used 32 registers, used 1 barriers, 36864 bytes smem
ptxas info    : Compile time = 6.470 ms
ptxas info    : Compiling entry function '_Z9shape_mmaILi16ELi128ELi128ELi4EEvPK13__nv_bfloat16S2_Pf' for 'sm_103a'
ptxas info    : Function properties for _Z9shape_mmaILi16ELi128ELi128ELi4EEvPK13__nv_bfloat16S2_Pf
    0 bytes stack frame, 0 bytes spill stores, 0 bytes spill loads
ptxas info    : Used 32 registers, used 1 barriers, 36864 bytes smem
ptxas info    : Compile time = 6.904 ms
ptxas info    : Compiling entry function '_Z9shape_mmaILi16ELi128ELi128ELi1EEvPK13__nv_bfloat16S2_Pf' for 'sm_103a'
ptxas info    : Function properties for _Z9shape_mmaILi16ELi128ELi128ELi1EEvPK13__nv_bfloat16S2_Pf
    0 bytes stack frame, 0 bytes spill stores, 0 bytes spill loads
ptxas info    : Used 32 registers, used 1 barriers, 36864 bytes smem
ptxas info    : Compile time = 7.773 ms
ptxas info    : Compiling entry function '_Z9shape_mmaILi16ELi16ELi128ELi8EEvPK13__nv_bfloat16S2_Pf' for 'sm_103a'
ptxas info    : Function properties for _Z9shape_mmaILi16ELi16ELi128ELi8EEvPK13__nv_bfloat16S2_Pf
    0 bytes stack frame, 0 bytes spill stores, 0 bytes spill loads
ptxas info    : Used 32 registers, used 1 barriers, 8192 bytes smem
ptxas info    : Compile time = 5.525 ms
ptxas info    : Compiling entry function '_Z9shape_mmaILi16ELi16ELi128ELi4EEvPK13__nv_bfloat16S2_Pf' for 'sm_103a'
ptxas info    : Function properties for _Z9shape_mmaILi16ELi16ELi128ELi4EEvPK13__nv_bfloat16S2_Pf
    0 bytes stack frame, 0 bytes spill stores, 0 bytes spill loads
ptxas info    : Used 32 registers, used 1 barriers, 8192 bytes smem
ptxas info    : Compile time = 5.755 ms
ptxas info    : Compiling entry function '_Z9shape_mmaILi16ELi16ELi128ELi1EEvPK13__nv_bfloat16S2_Pf' for 'sm_103a'
ptxas info    : Function properties for _Z9shape_mmaILi16ELi16ELi128ELi1EEvPK13__nv_bfloat16S2_Pf
    0 bytes stack frame, 0 bytes spill stores, 0 bytes spill loads
ptxas info    : Used 32 registers, used 1 barriers, 8192 bytes smem
ptxas info    : Compile time = 6.960 ms
ptxas info    : 11 bytes gmem
ptxas info    : Compiling entry function '_Z8officialPKfPf' for 'sm_103a'
ptxas info    : Function properties for _Z8officialPKfPf
    0 bytes stack frame, 0 bytes spill stores, 0 bytes spill loads
ptxas info    : Used 30 registers, used 0 barriers, 1536 bytes smem
ptxas info    : Compile time = 6.241 ms
ptxas info    : 0 bytes gmem
ptxas info    : Compiling entry function '_Z7unifiedILi64ELi8EEvPKfPf' for 'sm_103a'
ptxas info    : Function properties for _Z7unifiedILi64ELi8EEvPKfPf
    0 bytes stack frame, 0 bytes spill stores, 0 bytes spill loads
ptxas info    : Used 40 registers, used 1 barriers, 40960 bytes smem
ptxas info    : Compile time = 10.476 ms
ptxas info    : Compiling entry function '_Z7unifiedILi64ELi4EEvPKfPf' for 'sm_103a'
ptxas info    : Function properties for _Z7unifiedILi64ELi4EEvPKfPf
    0 bytes stack frame, 0 bytes spill stores, 0 bytes spill loads
ptxas info    : Used 40 registers, used 1 barriers, 36864 bytes smem
ptxas info    : Compile time = 11.433 ms
ptxas info    : Compiling entry function '_Z7unifiedILi32ELi8EEvPKfPf' for 'sm_103a'
ptxas info    : Function properties for _Z7unifiedILi32ELi8EEvPKfPf
    0 bytes stack frame, 0 bytes spill stores, 0 bytes spill loads
ptxas info    : Used 32 registers, used 1 barriers, 16384 bytes smem
ptxas info    : Compile time = 6.509 ms
ptxas info    : Compiling entry function '_Z7unifiedILi32ELi4EEvPKfPf' for 'sm_103a'
ptxas info    : Function properties for _Z7unifiedILi32ELi4EEvPKfPf
    0 bytes stack frame, 0 bytes spill stores, 0 bytes spill loads
ptxas info    : Used 32 registers, used 1 barriers, 12288 bytes smem
ptxas info    : Compile time = 6.513 ms
ptxas info    : Compiling entry function '_Z7unifiedILi16ELi8EEvPKfPf' for 'sm_103a'
ptxas info    : Function properties for _Z7unifiedILi16ELi8EEvPKfPf
    0 bytes stack frame, 0 bytes spill stores, 0 bytes spill loads
ptxas info    : Used 31 registers, used 1 barriers, 10240 bytes smem
ptxas info    : Compile time = 10.661 ms
ptxas info    : Compiling entry function '_Z7unifiedILi16ELi4EEvPKfPf' for 'sm_103a'
ptxas info    : Function properties for _Z7unifiedILi16ELi4EEvPKfPf
    0 bytes stack frame, 0 bytes spill stores, 0 bytes spill loads
ptxas info    : Used 31 registers, used 1 barriers, 6144 bytes smem
ptxas info    : Compile time = 11.606 ms
ptxas info    : Compiling entry function '_Z7unifiedILi64ELi1EEvPKfPf' for 'sm_103a'
ptxas info    : Function properties for _Z7unifiedILi64ELi1EEvPKfPf
    0 bytes stack frame, 0 bytes spill stores, 0 bytes spill loads
ptxas info    : Used 40 registers, used 0 barriers, 33792 bytes smem
ptxas info    : Compile time = 11.597 ms
ptxas info    : Compiling entry function '_Z7unifiedILi32ELi1EEvPKfPf' for 'sm_103a'
ptxas info    : Function properties for _Z7unifiedILi32ELi1EEvPKfPf
    0 bytes stack frame, 0 bytes spill stores, 0 bytes spill loads
ptxas info    : Used 39 registers, used 0 barriers, 9216 bytes smem
ptxas info    : Compile time = 9.626 ms
ptxas info    : Compiling entry function '_Z7unifiedILi16ELi1EEvPKfPf' for 'sm_103a'
ptxas info    : Function properties for _Z7unifiedILi16ELi1EEvPKfPf
    0 bytes stack frame, 0 bytes spill stores, 0 bytes spill loads
ptxas info    : Used 31 registers, used 0 barriers, 3072 bytes smem
ptxas info    : Compile time = 11.554 ms
