==WARNING== Note: Running with uncontrolled GPU caches. Profiling results may be inconsistent.
==WARNING== Note: Running with unmodified GPU clocks. If not controlled otherwise, profiling results may be inconsistent.
==PROF== Connected to process 1717538 (/home/lcpu/73345528/.local/share/uv/python/cpython-3.12.13-linux-x86_64-gnu/bin/python3.12)
==PROF== Profiling "_flash_kda_fwd_prepare": Application replay pass 1
==PROF== Profiling "_flash_kda_fwd_recurrence": Application replay pass 1
==PROF== Disconnected from process 1717538
==PROF== Connected to process 1717690 (/home/lcpu/73345528/.local/share/uv/python/cpython-3.12.13-linux-x86_64-gnu/bin/python3.12)
==PROF== Profiling "_flash_kda_fwd_prepare": Application replay pass 2
==PROF== Profiling "_flash_kda_fwd_recurrence": Application replay pass 2
==PROF== Disconnected from process 1717690
==PROF== Connected to process 1717971 (/home/lcpu/73345528/.local/share/uv/python/cpython-3.12.13-linux-x86_64-gnu/bin/python3.12)
==PROF== Profiling "_flash_kda_fwd_prepare": Application replay pass 3
==PROF== Profiling "_flash_kda_fwd_recurrence": Application replay pass 3
==PROF== Disconnected from process 1717971
==PROF== Connected to process 1718053 (/home/lcpu/73345528/.local/share/uv/python/cpython-3.12.13-linux-x86_64-gnu/bin/python3.12)
==PROF== Profiling "_flash_kda_fwd_prepare": Application replay pass 4
==PROF== Profiling "_flash_kda_fwd_recurrence": Application replay pass 4
==PROF== Disconnected from process 1718053
==PROF== Connected to process 1718172 (/home/lcpu/73345528/.local/share/uv/python/cpython-3.12.13-linux-x86_64-gnu/bin/python3.12)
==PROF== Profiling "_flash_kda_fwd_prepare": Application replay pass 5
==PROF== Profiling "_flash_kda_fwd_recurrence": Application replay pass 5
==PROF== Disconnected from process 1718172
==PROF== Connected to process 1718555 (/home/lcpu/73345528/.local/share/uv/python/cpython-3.12.13-linux-x86_64-gnu/bin/python3.12)
==PROF== Profiling "_flash_kda_fwd_prepare": Application replay pass 6
==PROF== Profiling "_flash_kda_fwd_recurrence": Application replay pass 6
==PROF== Disconnected from process 1718555
==PROF== Connected to process 1718656 (/home/lcpu/73345528/.local/share/uv/python/cpython-3.12.13-linux-x86_64-gnu/bin/python3.12)
==PROF== Profiling "_flash_kda_fwd_prepare": Application replay pass 7
==PROF== Profiling "_flash_kda_fwd_recurrence": Application replay pass 7
==PROF== Disconnected from process 1718656
==PROF== Connected to process 1718760 (/home/lcpu/73345528/.local/share/uv/python/cpython-3.12.13-linux-x86_64-gnu/bin/python3.12)
==PROF== Profiling "_flash_kda_fwd_prepare": Application replay pass 8
==PROF== Profiling "_flash_kda_fwd_recurrence": Application replay pass 8
==PROF== Disconnected from process 1718760
==PROF== Connected to process 1718914 (/home/lcpu/73345528/.local/share/uv/python/cpython-3.12.13-linux-x86_64-gnu/bin/python3.12)
==PROF== Profiling "_flash_kda_fwd_prepare": Application replay pass 9
==PROF== Profiling "_flash_kda_fwd_recurrence": Application replay pass 9
==PROF== Disconnected from process 1718914
==PROF== Connected to process 1719016 (/home/lcpu/73345528/.local/share/uv/python/cpython-3.12.13-linux-x86_64-gnu/bin/python3.12)
==PROF== Profiling "_flash_kda_fwd_prepare": Application replay pass 10
==PROF== Profiling "_flash_kda_fwd_recurrence": Application replay pass 10
==PROF== Disconnected from process 1719016
==PROF== Connected to process 1719279 (/home/lcpu/73345528/.local/share/uv/python/cpython-3.12.13-linux-x86_64-gnu/bin/python3.12)
==PROF== Profiling "_flash_kda_fwd_prepare": Application replay pass 11
==PROF== Profiling "_flash_kda_fwd_recurrence": Application replay pass 11
==PROF== Disconnected from process 1719279
==PROF== Connected to process 1719493 (/home/lcpu/73345528/.local/share/uv/python/cpython-3.12.13-linux-x86_64-gnu/bin/python3.12)
==PROF== Profiling "_flash_kda_fwd_prepare": Application replay pass 12
==PROF== Profiling "_flash_kda_fwd_recurrence": Application replay pass 12
==PROF== Disconnected from process 1719493
==PROF== Connected to process 1719722 (/home/lcpu/73345528/.local/share/uv/python/cpython-3.12.13-linux-x86_64-gnu/bin/python3.12)
==PROF== Profiling "_flash_kda_fwd_prepare": Application replay pass 13
==PROF== Profiling "_flash_kda_fwd_recurrence": Application replay pass 13
==PROF== Disconnected from process 1719722
==PROF== Connected to process 1719863 (/home/lcpu/73345528/.local/share/uv/python/cpython-3.12.13-linux-x86_64-gnu/bin/python3.12)
==PROF== Profiling "_flash_kda_fwd_prepare": Application replay pass 14
==PROF== Profiling "_flash_kda_fwd_recurrence": Application replay pass 14
==PROF== Disconnected from process 1719863
==PROF== Connected to process 1720003 (/home/lcpu/73345528/.local/share/uv/python/cpython-3.12.13-linux-x86_64-gnu/bin/python3.12)
==PROF== Profiling "_flash_kda_fwd_prepare": Application replay pass 15
==PROF== Profiling "_flash_kda_fwd_recurrence": Application replay pass 15
==PROF== Disconnected from process 1720003
==PROF== Creating report from application replay data: 0%.................100%
==PROF== Report: /home/lcpu/73345528/wmhpc-training-camp-x-lcpu-ai-infra-seminars/assignment02/team/c1_flashkda/experiments/bottleneckreasoning/results/h96_n1__warm.ncu-rep
